should create find document:
  1: |
    apiVersion: apps/v1
    kind: Deployment
    metadata:
      name: name
  2: |
    apiVersion: v1
    kind: Service
    metadata:
      name: example-service
