should selects the correct kind and match snapshot:
  1: |
    apiVersion: v1
    kind: Pod
    metadata:
      name: with-node-affinity
    spec:
      affinity:
        nodeAffinity:
          requiredDuringSchedulingIgnoredDuringExecution:
            nodeSelectorTerms:
              - matchExpressions:
                  - key: topology.kubernetes.io/zone
                    operator: In
                    values:
                      - antarctica-east1
                      - antarctica-west1
            preferredDuringSchedulingIgnoredDuringExecution:
              - preference:
                  matchExpressions:
                    - key: another-node-label-key
                      operator: In
                      values:
                        - another-node-label-value
                weight: 1
