manifest should match snapshot:
  1: |
    apiVersion: apps/v1
    kind: Deployment
    metadata:
      name: example-deployment
  2: |
    apiVersion: v1
    kind: Service
    metadata:
      name: example-service
